48    43    66    89    60    87    52    92     7    27